5 titles: electronic-gaming-retail-news, gameweek-iemagazine, electronic-fun-with-computers-and-games, new-earth, game-developer

=== start render electronic-gaming-retail-news ===
C:\Program Files\Python310\python.exe -u -X utf8 scripts/publish_all.py --publication electronic-gaming-retail-news --workers 4 --no-upload --no-catalog --webp-read --webp-quality 80 --read-scale 0.7

=== start render gameweek-iemagazine ===
C:\Program Files\Python310\python.exe -u -X utf8 scripts/publish_all.py --publication gameweek-iemagazine --workers 4 --no-upload --no-catalog --webp-read --webp-quality 80 --read-scale 0.7

=== start render electronic-fun-with-computers-and-games ===
C:\Program Files\Python310\python.exe -u -X utf8 scripts/publish_all.py --publication electronic-fun-with-computers-and-games --workers 4 --no-upload --no-catalog --webp-read --webp-quality 80 --read-scale 0.7

=== start render new-earth ===
C:\Program Files\Python310\python.exe -u -X utf8 scripts/publish_all.py --publication new-earth --workers 4 --no-upload --no-catalog --webp-read --webp-quality 80 --read-scale 0.7

=== start render game-developer ===
C:\Program Files\Python310\python.exe -u -X utf8 scripts/publish_all.py --publication game-developer --workers 4 --no-upload --no-catalog --webp-read --webp-quality 80 --read-scale 0.7
11 issues / 416 pages to render with 4 workers
14 issues / 737 pages to render with 4 workers
19 issues / 1864 pages to render with 4 workers
46 issues / 360 pages to render with 4 workers
226 issues / 15176 pages to render with 4 workers
  FAILED new-earth-13-3: RuntimeError('WebP encode failed for 002.webp: decoded WebP does not match source')
  FAILED electronic-gaming-retail-news-2-2: RuntimeError('WebP encode failed for 003.webp: decoded WebP does not match source')
  new-earth-2-4: page 7/7  (7s)
  [2/46] new-earth-2-4: 7 pages in 8s | 7/360 pages, 0.9 p/s, ETA 7 min
  FAILED electronic-gaming-retail-news-3-2: RuntimeError('WebP encode failed for 004.webp: decoded WebP does not match source')
  FAILED new-earth-1-4: RuntimeError('WebP encode failed for 004.webp: decoded WebP does not match source')
  FAILED gameweek-iemagazine-28: RuntimeError('WebP encode failed for 002.webp: decoded WebP does not match source')
  FAILED gameweek-iemagazine-27: RuntimeError('WebP encode failed for 004.webp: decoded WebP does not match source')
  FAILED electronic-gaming-retail-news-199306-1993-summer-ces: RuntimeError('WebP encode failed for 005.webp: decoded WebP does not match source')
  new-earth-14-3: page 7/7  (13s)
  [4/46] new-earth-14-3: 7 pages in 13s | 14/360 pages, 1.0 p/s, ETA 6 min
  FAILED electronic-gaming-retail-news-7: RuntimeError('WebP encode failed for 001.webp: decoded WebP does not match source')
  FAILED new-earth-11-3: RuntimeError('WebP encode failed for 005.webp: decoded WebP does not match source')
  FAILED electronic-gaming-retail-news-199301-1993-winter-ces: RuntimeError('WebP encode failed for 010.webp: decoded WebP does not match source')
  FAILED new-earth-8-3: RuntimeError('WebP encode failed for 002.webp: decoded WebP does not match source')
  FAILED gameweek-iemagazine-20: RuntimeError('WebP encode failed for 006.webp: decoded WebP does not match source')
  game-developer-5-19: page 50/70  (21s)
  game-developer-6-18: page 50/68  (21s)
  new-earth-10-3: page 8/8  (12s)
  FAILED gameweek-iemagazine-16: RuntimeError('WebP encode failed for 002.webp: failed to read next frame')
  [7/46] new-earth-10-3: 8 pages in 12s | 22/360 pages, 1.0 p/s, ETA 6 min
  FAILED electronic-gaming-retail-news-4: RuntimeError('WebP encode failed for 006.webp: decoded WebP does not match source')
  game-developer-3-21: page 50/100  (23s)
  new-earth-9-3: page 7/7  (12s)
  [8/46] new-earth-9-3: 7 pages in 12s | 29/360 pages, 1.2 p/s, ETA 5 min
  FAILED gameweek-iemagazine-14-2: RuntimeError('WebP encode failed for 001.webp: decoded WebP does not match source')
  FAILED new-earth-7-3: RuntimeError('WebP encode failed for 003.webp: decoded WebP does not match source')
  game-developer-4-20: page 50/78  (25s)
  electronic-fun-with-computers-and-games-2-3: page 50/92  (24s)
  FAILED game-developer-5-19: ValueError('encoding error 5: Image size exceeds WebP limit of 16383 pixels')
  FAILED electronic-gaming-retail-news-5: RuntimeError('WebP encode failed for 011.webp: decoded WebP does not match source')
  game-developer-6-18: page 68/68  (27s)
  game-developer-6-18: 40 page(s) rendered instead of extracted
  [2/226] game-developer-6-18: 68 pages in 27s | 68/15176 pages, 2.5 p/s, ETA 102 min
  FAILED new-earth-12-3: RuntimeError('WebP encode failed for 001.webp: decoded WebP does not match source')
  electronic-fun-with-computers-and-games-1-3: page 50/84  (26s)
  new-earth-6-3: page 7/7  (7s)
  [11/46] new-earth-6-3: 7 pages in 7s | 36/360 pages, 1.2 p/s, ETA 4 min
  FAILED electronic-gaming-retail-news-6: RuntimeError('WebP encode failed for 016.webp: decoded WebP does not match source')
  new-earth-5-3: page 7/7  (8s)
  [12/46] new-earth-5-3: 7 pages in 8s | 43/360 pages, 1.3 p/s, ETA 4 min
  game-developer-4-20: page 78/78  (32s)
  game-developer-4-20: 49 page(s) rendered instead of extracted
  [3/226] game-developer-4-20: 78 pages in 33s | 146/15176 pages, 4.4 p/s, ETA 57 min
  FAILED electronic-gaming-retail-news-3: RuntimeError('WebP encode failed for 005.webp: failed to read next frame')
  FAILED gameweek-iemagazine-30: RuntimeError('WebP encode failed for 013.webp: decoded WebP does not match source')
  FAILED electronic-fun-with-computers-and-games-4-2: RuntimeError('WebP encode failed for 026.webp: decoded WebP does not match source')
  FAILED gameweek-iemagazine-18: RuntimeError('WebP encode failed for 005.webp: decoded WebP does not match source')
  new-earth-2-3: page 7/7  (6s)
  [13/46] new-earth-2-3: 7 pages in 7s | 50/360 pages, 1.4 p/s, ETA 4 min
  FAILED new-earth-4-3: RuntimeError('WebP encode failed for 006.webp: decoded WebP does not match source')
  new-earth-3-3: page 8/8  (9s)
  [15/46] new-earth-3-3: 8 pages in 10s | 58/360 pages, 1.6 p/s, ETA 3 min
  new-earth-1-3: page 7/7  (5s)
  [16/46] new-earth-1-3: 7 pages in 6s | 65/360 pages, 1.7 p/s, ETA 3 min
  new-earth-15-2: page 7/7  (6s)
  [17/46] new-earth-15-2: 7 pages in 6s | 72/360 pages, 1.7 p/s, ETA 3 min
  game-developer-3-21: page 100/100  (41s)
  game-developer-3-21: 53 page(s) rendered instead of extracted
  [4/226] game-developer-3-21: 100 pages in 41s | 246/15176 pages, 5.9 p/s, ETA 42 min
  electronic-fun-with-computers-and-games-2-3: page 92/92  (42s)
  [2/19] electronic-fun-with-computers-and-games-2-3: 92 pages in 44s | 92/1864 pages, 2.1 p/s, ETA 14 min
  FAILED electronic-gaming-retail-news-1: RuntimeError('WebP encode failed for 034.webp: decoded WebP does not match source')
  electronic-fun-with-computers-and-games-1-3: page 84/84  (43s)
  [3/19] electronic-fun-with-computers-and-games-1-3: 84 pages in 45s | 176/1864 pages, 3.9 p/s, ETA 7 min
  FAILED gameweek-iemagazine-41: RuntimeError('WebP encode failed for 005.webp: decoded WebP does not match source')
  FAILED gameweek-iemagazine-2: RuntimeError('WebP encode failed for 007.webp: decoded WebP does not match source')
  FAILED gameweek-iemagazine-3: RuntimeError('WebP encode failed for 006.webp: decoded WebP does not match source')
  new-earth-14-2: page 8/8  (12s)
  [18/46] new-earth-14-2: 8 pages in 12s | 80/360 pages, 1.7 p/s, ETA 3 min
  game-developer-1-21: page 50/68  (20s)
  FAILED gameweek-iemagazine-5: RuntimeError('WebP encode failed for 009.webp: failed to read next frame')
  new-earth-11-2: page 8/8  (8s)
  new-earth-12-2: page 8/8  (11s)
  [19/46] new-earth-11-2: 8 pages in 8s | 88/360 pages, 1.8 p/s, ETA 3 min
  [20/46] new-earth-12-2: 8 pages in 11s | 96/360 pages, 2.0 p/s, ETA 2 min
  game-developer-2-21: page 50/76  (23s)
  new-earth-13-2: page 8/8  (13s)
  [21/46] new-earth-13-2: 8 pages in 13s | 104/360 pages, 2.1 p/s, ETA 2 min
  FAILED electronic-fun-with-computers-and-games-1-2: RuntimeError('WebP encode failed for 003.webp: decoded WebP does not match source')
  new-earth-8-2: page 7/7  (5s)
  [22/46] new-earth-8-2: 7 pages in 5s | 111/360 pages, 2.1 p/s, ETA 2 min
  game-developer-1-21: page 68/68  (26s)
  game-developer-1-21: 45 page(s) rendered instead of extracted
  [5/226] game-developer-1-21: 68 pages in 26s | 314/15176 pages, 5.8 p/s, ETA 43 min
  game-developer-12-7: page 50/60  (21s)
  FAILED electronic-fun-with-computers-and-games-5-2: RuntimeError('WebP encode failed for 038.webp: decoded WebP does not match source')
  new-earth-9-2: page 7/7  (6s)
  [23/46] new-earth-9-2: 7 pages in 6s | 118/360 pages, 2.1 p/s, ETA 2 min
  new-earth-10-2: page 8/8  (8s)
  [24/46] new-earth-10-2: 8 pages in 8s | 126/360 pages, 2.2 p/s, ETA 2 min
  new-earth-7-2: page 9/9  (8s)
  [25/46] new-earth-7-2: 9 pages in 8s | 135/360 pages, 2.3 p/s, ETA 2 min
  game-developer-12-7: page 60/60  (25s)
  game-developer-12-7: 52 page(s) rendered instead of extracted
  [6/226] game-developer-12-7: 60 pages in 25s | 374/15176 pages, 6.4 p/s, ETA 39 min
  FAILED gameweek-iemagazine-17: RuntimeError('WebP encode failed for 002.webp: decoded WebP does not match source')
  game-developer-2-21: page 76/76  (34s)
  game-developer-2-21: 57 page(s) rendered instead of extracted
  [7/226] game-developer-2-21: 76 pages in 34s | 450/15176 pages, 7.4 p/s, ETA 33 min
  new-earth-6-2: page 8/8  (7s)
  [26/46] new-earth-6-2: 8 pages in 7s | 143/360 pages, 2.3 p/s, ETA 2 min
  game-developer-11-15: page 50/60  (19s)
  new-earth-5-2: page 8/8  (8s)
  [27/46] new-earth-5-2: 8 pages in 8s | 151/360 pages, 2.4 p/s, ETA 1 min
  new-earth-4-2: page 8/8  (8s)
  [28/46] new-earth-4-2: 8 pages in 8s | 159/360 pages, 2.5 p/s, ETA 1 min
  game-developer-11-15: page 60/60  (23s)
  game-developer-11-15: 49 page(s) rendered instead of extracted
  [8/226] game-developer-11-15: 60 pages in 23s | 510/15176 pages, 7.9 p/s, ETA 31 min
  FAILED game-developer-201209-2012-game-career-guide: RuntimeError('WebP encode failed for 003.webp: decoded WebP does not match source')
  FAILED electronic-fun-with-computers-and-games-12: RuntimeError('WebP encode failed for 010.webp: failed to read next frame')
  FAILED electronic-fun-with-computers-and-games-3-2: RuntimeError('WebP encode failed for 032.webp: decoded WebP does not match source')
  new-earth-3-2: page 8/8  (8s)
  [29/46] new-earth-3-2: 8 pages in 8s | 167/360 pages, 2.5 p/s, ETA 1 min
  FAILED gameweek-iemagazine-15: RuntimeError('WebP encode failed for 007.webp: decoded WebP does not match source')
  new-earth-2-2: page 8/8  (8s)
  [30/46] new-earth-2-2: 8 pages in 8s | 175/360 pages, 2.5 p/s, ETA 1 min
  new-earth-15: page 10/10  (6s)
  [31/46] new-earth-15: 10 pages in 6s | 185/360 pages, 2.6 p/s, ETA 1 min
  new-earth-1-2: page 8/8  (8s)
  [32/46] new-earth-1-2: 8 pages in 8s | 193/360 pages, 2.7 p/s, ETA 1 min
  game-developer-10-15: page 50/60  (17s)
  FAILED new-earth-14: RuntimeError('WebP encode failed for 007.webp: decoded WebP does not match source')
  game-developer-10-15: page 60/60  (21s)
  game-developer-10-15: 48 page(s) rendered instead of extracted
  [10/226] game-developer-10-15: 60 pages in 21s | 570/15176 pages, 7.6 p/s, ETA 32 min
  new-earth-12: page 8/8  (5s)
  [34/46] new-earth-12: 8 pages in 5s | 201/360 pages, 2.6 p/s, ETA 1 min
  game-developer-9-16: page 50/60  (18s)
  new-earth-13: page 8/8  (7s)
  [35/46] new-earth-13: 8 pages in 7s | 209/360 pages, 2.7 p/s, ETA 1 min
  new-earth-11: page 8/8  (5s)
  [36/46] new-earth-11: 8 pages in 5s | 217/360 pages, 2.8 p/s, ETA 1 min
  game-developer-9-16: page 60/60  (22s)
  new-earth-10: page 8/8  (6s)
  game-developer-9-16: 48 page(s) rendered instead of extracted
  [37/46] new-earth-10: 8 pages in 6s | 225/360 pages, 2.8 p/s, ETA 1 min
  [11/226] game-developer-9-16: 60 pages in 22s | 630/15176 pages, 7.8 p/s, ETA 31 min
  FAILED gameweek-iemagazine-14: RuntimeError('WebP encode failed for 017.webp: decoded WebP does not match source')
14 issue(s) failed: gameweek-iemagazine-28, gameweek-iemagazine-27, gameweek-iemagazine-20, gameweek-iemagazine-16, gameweek-iemagazine-14-2, gameweek-iemagazine-30, gameweek-iemagazine-18, gameweek-iemagazine-41, gameweek-iemagazine-2, gameweek-iemagazine-3, gameweek-iemagazine-5, gameweek-iemagazine-17, gameweek-iemagazine-15, gameweek-iemagazine-14
  new-earth-8: page 6/6  (5s)
  [38/46] new-earth-8: 6 pages in 5s | 231/360 pages, 2.8 p/s, ETA 1 min
  game-developer-8-16: page 50/60  (18s)
  new-earth-9: page 8/8  (7s)
  [39/46] new-earth-9: 8 pages in 7s | 239/360 pages, 2.9 p/s, ETA 1 min
  electronic-fun-with-computers-and-games-2-2: page 50/108  (39s)
  new-earth-7: page 11/11  (9s)
  [40/46] new-earth-7: 11 pages in 9s | 250/360 pages, 2.9 p/s, ETA 1 min
  FAILED electronic-fun-with-computers-and-games-11: RuntimeError('WebP encode failed for 027.webp: decoded WebP does not match source')
  new-earth-6: page 8/8  (5s)
  [41/46] new-earth-6: 8 pages in 5s | 258/360 pages, 3.0 p/s, ETA 1 min
  game-developer-8-16: page 60/60  (21s)
  game-developer-8-16: 45 page(s) rendered instead of extracted
  [12/226] game-developer-8-16: 60 pages in 21s | 690/15176 pages, 8.0 p/s, ETA 30 min
  new-earth-5: page 8/8  (5s)
  [42/46] new-earth-5: 8 pages in 5s | 266/360 pages, 3.1 p/s, ETA 1 min
  FAILED new-earth-2: RuntimeError('WebP encode failed for 002.webp: decoded WebP does not match source')
  new-earth-4: page 7/7  (7s)
  [44/46] new-earth-4: 7 pages in 7s | 273/360 pages, 3.1 p/s, ETA 0 min
  FAILED electronic-fun-with-computers-and-games-2-2: RuntimeError('WebP encode failed for 053.webp: decoded WebP does not match source')
  new-earth-1: page 8/8  (4s)
  [45/46] new-earth-1: 8 pages in 4s | 281/360 pages, 3.1 p/s, ETA 0 min
  electronic-gaming-retail-news-2: page 40/40  (64s)
  [11/11] electronic-gaming-retail-news-2: 40 pages in 65s | 40/416 pages, 0.4 p/s, ETA 14 min
  game-developer-5-18: page 50/60  (17s)
  new-earth-3: page 8/8  (7s)
10 issue(s) failed: electronic-gaming-retail-news-2-2, electronic-gaming-retail-news-3-2, electronic-gaming-retail-news-199306-1993-summer-ces, electronic-gaming-retail-news-7, electronic-gaming-retail-news-199301-1993-winter-ces, electronic-gaming-retail-news-4, electronic-gaming-retail-news-5, electronic-gaming-retail-news-6, electronic-gaming-retail-news-3, electronic-gaming-retail-news-1
  [46/46] new-earth-3: 8 pages in 7s | 289/360 pages, 3.1 p/s, ETA 0 min
=== render electronic-gaming-retail-news rc=1 in 1.5 min ===
=== render gameweek-iemagazine rc=1 in 1.5 min ===
9 issue(s) failed: new-earth-13-3, new-earth-1-4, new-earth-11-3, new-earth-8-3, new-earth-7-3, new-earth-12-3, new-earth-4-3, new-earth-14, new-earth-2
  game-developer-5-18: page 60/60  (20s)
  game-developer-5-18: 50 page(s) rendered instead of extracted
  [13/226] game-developer-5-18: 60 pages in 20s | 750/15176 pages, 7.9 p/s, ETA 31 min
  game-developer-4-19: page 50/61  (16s)
  game-developer-4-19: page 61/61  (19s)
  game-developer-4-19: 41 page(s) rendered instead of extracted
  [14/226] game-developer-4-19: 61 pages in 19s | 811/15176 pages, 8.2 p/s, ETA 29 min
  game-developer-3-20: page 50/61  (15s)
  game-developer-6-17: page 50/76  (35s)
  electronic-fun-with-computers-and-games-9: page 50/100  (33s)
  game-developer-3-20: page 61/61  (18s)
  game-developer-3-20: 44 page(s) rendered instead of extracted
  [15/226] game-developer-3-20: 61 pages in 18s | 872/15176 pages, 8.4 p/s, ETA 28 min
  game-developer-2-20: page 50/85  (13s)
  electronic-fun-with-computers-and-games-10: page 50/100  (43s)
  electronic-fun-with-computers-and-games-8: page 50/100  (24s)
  game-developer-1-20: page 50/68  (12s)
  game-developer-6-17: page 76/76  (46s)
  game-developer-6-17: 63 page(s) rendered instead of extracted
  [16/226] game-developer-6-17: 76 pages in 47s | 948/15176 pages, 8.4 p/s, ETA 28 min
  electronic-fun-with-computers-and-games-7: page 50/100  (23s)
  game-developer-1-20: page 68/68  (17s)
  game-developer-1-20: 42 page(s) rendered instead of extracted
  [17/226] game-developer-1-20: 68 pages in 17s | 1016/15176 pages, 8.8 p/s, ETA 27 min
  game-developer-2-20: page 85/85  (22s)
  game-developer-2-20: 61 page(s) rendered instead of extracted
  [18/226] game-developer-2-20: 85 pages in 22s | 1101/15176 pages, 9.4 p/s, ETA 25 min
  game-developer-11-14: page 50/52  (17s)
  game-developer-11-14: page 52/52  (17s)
  game-developer-11-14: 43 page(s) rendered instead of extracted
  [19/226] game-developer-11-14: 52 pages in 18s | 1153/15176 pages, 9.5 p/s, ETA 25 min
  electronic-fun-with-computers-and-games-9: page 100/100  (57s)
  [10/19] electronic-fun-with-computers-and-games-9: 100 pages in 58s | 276/1864 pages, 2.2 p/s, ETA 12 min
  game-developer-10-14: page 50/52  (13s)
  game-developer-10-14: page 52/52  (13s)
  game-developer-10-14: 40 page(s) rendered instead of extracted
  [20/226] game-developer-10-14: 52 pages in 13s | 1205/15176 pages, 9.6 p/s, ETA 24 min
  game-developer-9-15: page 50/60  (13s)
  game-developer-8-15: page 50/60  (13s)
  FAILED electronic-fun-with-computers-and-games-10: RuntimeError('WebP encode failed for 090.webp: decoded WebP does not match source')
  electronic-fun-with-computers-and-games-8: page 100/100  (45s)
  [12/19] electronic-fun-with-computers-and-games-8: 100 pages in 46s | 376/1864 pages, 2.9 p/s, ETA 9 min
  game-developer-9-15: page 60/60  (16s)
  game-developer-9-15: 44 page(s) rendered instead of extracted
  [21/226] game-developer-9-15: 60 pages in 16s | 1265/15176 pages, 9.6 p/s, ETA 24 min
  game-developer-8-15: page 60/60  (15s)
  game-developer-8-15: 47 page(s) rendered instead of extracted
  [22/226] game-developer-8-15: 60 pages in 15s | 1325/15176 pages, 10.0 p/s, ETA 23 min
  electronic-fun-with-computers-and-games-7: page 100/100  (46s)
  [13/19] electronic-fun-with-computers-and-games-7: 100 pages in 47s | 476/1864 pages, 3.5 p/s, ETA 7 min
  game-developer-7-15: page 50/60  (13s)
  game-developer-7-15: page 60/60  (15s)
  game-developer-7-15: 40 page(s) rendered instead of extracted
  [23/226] game-developer-7-15: 60 pages in 15s | 1385/15176 pages, 9.8 p/s, ETA 23 min
  game-developer-201109-2011-game-career-guide: page 50/108  (23s)
  game-developer-5-17: page 50/60  (13s)
  game-developer-6-16: page 50/60  (14s)
  electronic-fun-with-computers-and-games-6: page 50/100  (22s)
  game-developer-5-17: page 60/60  (16s)
  game-developer-5-17: 43 page(s) rendered instead of extracted
  [24/226] game-developer-5-17: 60 pages in 16s | 1445/15176 pages, 9.8 p/s, ETA 23 min
  game-developer-6-16: page 60/60  (16s)
  game-developer-6-16: 51 page(s) rendered instead of extracted
  [25/226] game-developer-6-16: 60 pages in 17s | 1505/15176 pages, 10.1 p/s, ETA 22 min
  electronic-fun-with-computers-and-games-4: page 50/100  (21s)
  game-developer-4-18: page 50/52  (13s)
  game-developer-4-18: page 52/52  (14s)
  game-developer-4-18: 35 page(s) rendered instead of extracted
  [26/226] game-developer-4-18: 52 pages in 14s | 1557/15176 pages, 10.0 p/s, ETA 23 min
  game-developer-3-19: page 50/60  (13s)
  electronic-fun-with-computers-and-games-5: page 50/100  (30s)
  electronic-fun-with-computers-and-games-3: page 50/100  (24s)
  game-developer-3-19: page 60/60  (15s)
  game-developer-3-19: 50 page(s) rendered instead of extracted
  [27/226] game-developer-3-19: 60 pages in 15s | 1617/15176 pages, 9.9 p/s, ETA 23 min
  game-developer-2-19: page 50/84  (15s)
  electronic-fun-with-computers-and-games-6: page 100/100  (42s)
  [14/19] electronic-fun-with-computers-and-games-6: 100 pages in 43s | 576/1864 pages, 3.4 p/s, ETA 6 min
  game-developer-1-19: page 50/68  (16s)
  game-developer-201109-2011-game-career-guide: page 100/108  (49s)
  game-developer-201109-2011-game-career-guide: page 108/108  (52s)
  [28/226] game-developer-201109-2011-game-career-guide: 108 pages in 52s | 1725/15176 pages, 9.9 p/s, ETA 23 min
  electronic-fun-with-computers-and-games-4: page 100/100  (43s)
  [15/19] electronic-fun-with-computers-and-games-4: 100 pages in 44s | 676/1864 pages, 3.9 p/s, ETA 5 min
  game-developer-1-19: page 68/68  (21s)
  game-developer-1-19: 53 page(s) rendered instead of extracted
  [29/226] game-developer-1-19: 68 pages in 21s | 1793/15176 pages, 10.2 p/s, ETA 22 min
  game-developer-11-13: page 50/52  (13s)
  game-developer-11-13: page 52/52  (13s)
  game-developer-11-13: 38 page(s) rendered instead of extracted
  [30/226] game-developer-11-13: 52 pages in 13s | 1845/15176 pages, 10.4 p/s, ETA 21 min
  game-developer-2-19: page 84/84  (30s)
  game-developer-2-19: 60 page(s) rendered instead of extracted
  [31/226] game-developer-2-19: 84 pages in 30s | 1929/15176 pages, 10.8 p/s, ETA 20 min
  electronic-fun-with-computers-and-games-5: page 100/100  (52s)
  [16/19] electronic-fun-with-computers-and-games-5: 100 pages in 53s | 776/1864 pages, 4.2 p/s, ETA 4 min
  game-developer-10-13: page 50/60  (13s)
  electronic-fun-with-computers-and-games-3: page 100/100  (49s)
  [17/19] electronic-fun-with-computers-and-games-3: 100 pages in 50s | 876/1864 pages, 4.7 p/s, ETA 4 min
  game-developer-9-14: page 50/60  (12s)
  electronic-fun-with-computers-and-games-2: page 50/100  (20s)
  game-developer-10-13: page 60/60  (15s)
  game-developer-10-13: 47 page(s) rendered instead of extracted
  [32/226] game-developer-10-13: 60 pages in 15s | 1989/15176 pages, 10.5 p/s, ETA 21 min
  game-developer-9-14: page 60/60  (14s)
  game-developer-9-14: 38 page(s) rendered instead of extracted
  [33/226] game-developer-9-14: 60 pages in 14s | 2049/15176 pages, 10.8 p/s, ETA 20 min
  game-developer-8-14: page 50/52  (14s)
  game-developer-8-14: page 52/52  (15s)
  game-developer-8-14: 42 page(s) rendered instead of extracted
  [34/226] game-developer-8-14: 52 pages in 15s | 2101/15176 pages, 11.0 p/s, ETA 20 min
  electronic-fun-with-computers-and-games-1: page 50/98  (20s)
  game-developer-6-15: page 50/60  (11s)
  game-developer-7-14: page 50/60  (12s)
  game-developer-201009-2010-game-career-guide: page 50/108  (24s)
  game-developer-5-16: page 50/60  (12s)
  game-developer-6-15: page 60/60  (13s)
  game-developer-6-15: 44 page(s) rendered instead of extracted
  [35/226] game-developer-6-15: 60 pages in 13s | 2161/15176 pages, 10.6 p/s, ETA 20 min
  game-developer-7-14: page 60/60  (15s)
  game-developer-7-14: 50 page(s) rendered instead of extracted
  [36/226] game-developer-7-14: 60 pages in 15s | 2221/15176 pages, 10.9 p/s, ETA 20 min
  game-developer-5-16: page 60/60  (14s)
  game-developer-5-16: 45 page(s) rendered instead of extracted
  [37/226] game-developer-5-16: 60 pages in 14s | 2281/15176 pages, 11.1 p/s, ETA 19 min
  electronic-fun-with-computers-and-games-2: page 100/100  (39s)
  [18/19] electronic-fun-with-computers-and-games-2: 100 pages in 40s | 976/1864 pages, 4.7 p/s, ETA 3 min
  electronic-fun-with-computers-and-games-1: page 98/98  (38s)
  [19/19] electronic-fun-with-computers-and-games-1: 98 pages in 39s | 1074/1864 pages, 5.0 p/s, ETA 3 min
8 issue(s) failed: electronic-fun-with-computers-and-games-4-2, electronic-fun-with-computers-and-games-1-2, electronic-fun-with-computers-and-games-5-2, electronic-fun-with-computers-and-games-12, electronic-fun-with-computers-and-games-3-2, electronic-fun-with-computers-and-games-11, electronic-fun-with-computers-and-games-2-2, electronic-fun-with-computers-and-games-10
=== render electronic-fun-with-computers-and-games rc=1 in 3.6 min ===
=== render new-earth rc=1 in 3.6 min ===
  game-developer-3-18: page 50/108  (12s)
  game-developer-201009-2010-game-career-guide: page 100/108  (41s)
  game-developer-4-17: page 50/60  (18s)
  game-developer-201009-2010-game-career-guide: page 108/108  (43s)
  [38/226] game-developer-201009-2010-game-career-guide: 108 pages in 43s | 2389/15176 pages, 10.8 p/s, ETA 20 min
  game-developer-4-17: page 60/60  (22s)
  game-developer-4-17: 40 page(s) rendered instead of extracted
  [39/226] game-developer-4-17: 60 pages in 22s | 2449/15176 pages, 10.9 p/s, ETA 20 min
  game-developer-3-18: page 100/108  (25s)
  game-developer-3-18: page 108/108  (27s)
  game-developer-3-18: 77 page(s) rendered instead of extracted
  [40/226] game-developer-3-18: 108 pages in 27s | 2557/15176 pages, 11.1 p/s, ETA 19 min
  game-developer-1-18: page 50/60  (11s)
  game-developer-1-18: page 60/60  (13s)
  game-developer-1-18: 47 page(s) rendered instead of extracted
  [41/226] game-developer-1-18: 60 pages in 13s | 2617/15176 pages, 11.1 p/s, ETA 19 min
  game-developer-2-18: page 50/68  (31s)
  game-developer-11-12: page 50/60  (14s)
  game-developer-11-12: page 60/60  (16s)
  game-developer-11-12: 52 page(s) rendered instead of extracted
  [42/226] game-developer-11-12: 60 pages in 16s | 2677/15176 pages, 11.1 p/s, ETA 19 min
  game-developer-10-12: page 50/60  (15s)
  game-developer-9-13: page 50/60  (12s)
  game-developer-2-18: page 68/68  (42s)
  game-developer-2-18: 53 page(s) rendered instead of extracted
  [43/226] game-developer-2-18: 68 pages in 42s | 2745/15176 pages, 11.1 p/s, ETA 19 min
  game-developer-10-12: page 60/60  (17s)
  game-developer-10-12: 48 page(s) rendered instead of extracted
  [44/226] game-developer-10-12: 60 pages in 17s | 2805/15176 pages, 11.3 p/s, ETA 18 min
  game-developer-9-13: page 60/60  (14s)
  game-developer-9-13: 47 page(s) rendered instead of extracted
  [45/226] game-developer-9-13: 60 pages in 14s | 2865/15176 pages, 11.5 p/s, ETA 18 min
  game-developer-8-13: page 50/60  (12s)
  game-developer-8-13: page 60/60  (15s)
  game-developer-8-13: 50 page(s) rendered instead of extracted
  [46/226] game-developer-8-13: 60 pages in 15s | 2925/15176 pages, 11.4 p/s, ETA 18 min
  game-developer-5-15: page 50/60  (9s)
  game-developer-7-13: page 50/60  (12s)
  game-developer-5-15: page 60/60  (11s)
  [47/226] game-developer-5-15: 60 pages in 11s | 2985/15176 pages, 11.5 p/s, ETA 18 min
  game-developer-7-13: page 60/60  (14s)
  game-developer-7-13: 49 page(s) rendered instead of extracted
  [48/226] game-developer-7-13: 60 pages in 14s | 3045/15176 pages, 11.6 p/s, ETA 17 min
  game-developer-6-14: page 50/60  (17s)
  game-developer-4-16: page 50/52  (9s)
  game-developer-4-16: page 52/52  (9s)
  [49/226] game-developer-4-16: 52 pages in 9s | 3097/15176 pages, 11.7 p/s, ETA 17 min
  game-developer-6-14: page 60/60  (19s)
  game-developer-6-14: 49 page(s) rendered instead of extracted
  [50/226] game-developer-6-14: 60 pages in 20s | 3157/15176 pages, 11.8 p/s, ETA 17 min
  game-developer-2-17: page 50/68  (9s)
  game-developer-2-17: page 68/68  (12s)
  [51/226] game-developer-2-17: 68 pages in 12s | 3225/15176 pages, 11.8 p/s, ETA 17 min
  game-developer-1-17: page 50/52  (8s)
  game-developer-1-17: page 52/52  (8s)
  [52/226] game-developer-1-17: 52 pages in 8s | 3277/15176 pages, 12.0 p/s, ETA 17 min
  game-developer-3-17: page 50/100  (14s)
  game-developer-11-11: page 50/52  (10s)
  game-developer-11-11: page 52/52  (11s)
  game-developer-11-11: 37 page(s) rendered instead of extracted
  [53/226] game-developer-11-11: 52 pages in 11s | 3329/15176 pages, 12.0 p/s, ETA 17 min
  game-developer-10-11: page 50/60  (10s)
  game-developer-10-11: page 60/60  (12s)
  game-developer-10-11: 40 page(s) rendered instead of extracted
  [54/226] game-developer-10-11: 60 pages in 12s | 3389/15176 pages, 11.9 p/s, ETA 17 min
  game-developer-3-17: page 100/100  (26s)
  game-developer-3-17: 65 page(s) rendered instead of extracted
  [55/226] game-developer-3-17: 100 pages in 26s | 3489/15176 pages, 12.2 p/s, ETA 16 min
  game-developer-9-12: page 50/76  (13s)
  game-developer-9-12: page 76/76  (19s)
  game-developer-9-12: 54 page(s) rendered instead of extracted
  [56/226] game-developer-9-12: 76 pages in 19s | 3565/15176 pages, 12.2 p/s, ETA 16 min
  game-developer-8-12: page 50/68  (15s)
  game-developer-7-12: page 50/68  (11s)
  game-developer-8-12: page 68/68  (21s)
  game-developer-8-12: 47 page(s) rendered instead of extracted
  [57/226] game-developer-8-12: 68 pages in 21s | 3633/15176 pages, 12.1 p/s, ETA 16 min
  game-developer-7-12: page 68/68  (14s)
  game-developer-7-12: 48 page(s) rendered instead of extracted
  [58/226] game-developer-7-12: 68 pages in 14s | 3701/15176 pages, 12.3 p/s, ETA 16 min
  game-developer-200809-2008-game-career-guide: page 50/112  (18s)
  game-developer-6-13: page 50/68  (15s)
  game-developer-6-13: page 68/68  (19s)
  game-developer-6-13: 58 page(s) rendered instead of extracted
  [59/226] game-developer-6-13: 68 pages in 19s | 3769/15176 pages, 12.1 p/s, ETA 16 min
  game-developer-5-14: page 50/68  (13s)
  game-developer-4-15: page 50/60  (13s)
  game-developer-4-15: page 60/60  (15s)
  game-developer-4-15: 49 page(s) rendered instead of extracted
  [60/226] game-developer-4-15: 60 pages in 16s | 3829/15176 pages, 12.1 p/s, ETA 16 min
  game-developer-5-14: page 68/68  (16s)
  game-developer-5-14: 52 page(s) rendered instead of extracted
  [61/226] game-developer-5-14: 68 pages in 17s | 3897/15176 pages, 12.3 p/s, ETA 15 min
  game-developer-200809-2008-game-career-guide: page 100/112  (35s)
  game-developer-200809-2008-game-career-guide: page 112/112  (39s)
  [62/226] game-developer-200809-2008-game-career-guide: 112 pages in 39s | 4009/15176 pages, 12.4 p/s, ETA 15 min
  game-developer-3-16: page 50/60  (13s)
  game-developer-1-16: page 50/76  (9s)
  game-developer-3-16: page 60/60  (15s)
  game-developer-3-16: 44 page(s) rendered instead of extracted
  [63/226] game-developer-3-16: 60 pages in 16s | 4069/15176 pages, 12.4 p/s, ETA 15 min
  game-developer-2-16: page 50/100  (12s)
  game-developer-1-16: page 76/76  (15s)
  game-developer-1-16: 49 page(s) rendered instead of extracted
  [64/226] game-developer-1-16: 76 pages in 15s | 4145/15176 pages, 12.5 p/s, ETA 15 min
  game-developer-11-10: page 50/52  (9s)
  game-developer-11-10: page 52/52  (10s)
  game-developer-11-10: 37 page(s) rendered instead of extracted
  [65/226] game-developer-11-10: 52 pages in 10s | 4197/15176 pages, 12.6 p/s, ETA 15 min
  game-developer-10-10: page 50/52  (8s)
  game-developer-10-10: page 52/52  (8s)
  game-developer-10-10: 36 page(s) rendered instead of extracted
  [66/226] game-developer-10-10: 52 pages in 8s | 4249/15176 pages, 12.7 p/s, ETA 14 min
  game-developer-2-16: page 100/100  (23s)
  game-developer-2-16: 66 page(s) rendered instead of extracted
  [67/226] game-developer-2-16: 100 pages in 23s | 4349/15176 pages, 12.9 p/s, ETA 14 min
  game-developer-9-11: page 50/68  (10s)
MuPDF error: syntax error: Failed to read JPX header

MuPDF error: syntax error: Failed to read JPX header

MuPDF error: syntax error: Failed to read JPX header

MuPDF error: syntax error: Failed to read JPX header

  game-developer-8-11: page 50/76  (10s)
  game-developer-9-11: page 68/68  (14s)
  game-developer-9-11: 44 page(s) rendered instead of extracted
  [68/226] game-developer-9-11: 68 pages in 14s | 4417/15176 pages, 12.8 p/s, ETA 14 min
  game-developer-8-11: page 76/76  (14s)
  game-developer-8-11: 60 page(s) rendered instead of extracted
  [69/226] game-developer-8-11: 76 pages in 14s | 4493/15176 pages, 12.9 p/s, ETA 14 min
  game-developer-7-11: page 50/68  (10s)
  game-developer-7-11: page 68/68  (13s)
  game-developer-7-11: 48 page(s) rendered instead of extracted
  [70/226] game-developer-7-11: 68 pages in 13s | 4561/15176 pages, 13.0 p/s, ETA 14 min
  game-developer-200709-2007-game-career-guide: page 50/100  (17s)
  game-developer-6-12: page 50/52  (9s)
  game-developer-6-12: page 52/52  (9s)
  game-developer-6-12: 34 page(s) rendered instead of extracted
  [71/226] game-developer-6-12: 52 pages in 10s | 4613/15176 pages, 13.0 p/s, ETA 14 min
  game-developer-5-13: page 50/60  (8s)
  game-developer-5-13: page 60/60  (10s)
  game-developer-5-13: 44 page(s) rendered instead of extracted
  [72/226] game-developer-5-13: 60 pages in 10s | 4673/15176 pages, 13.1 p/s, ETA 13 min
  game-developer-4-14: page 50/52  (8s)
  game-developer-4-14: page 52/52  (9s)
  game-developer-4-14: 35 page(s) rendered instead of extracted
  [73/226] game-developer-4-14: 52 pages in 9s | 4725/15176 pages, 13.1 p/s, ETA 13 min
  game-developer-3-15: page 50/100  (9s)
  game-developer-2-15: page 50/84  (10s)
  game-developer-200709-2007-game-career-guide: page 100/100  (34s)
  [74/226] game-developer-200709-2007-game-career-guide: 100 pages in 34s | 4825/15176 pages, 13.1 p/s, ETA 13 min
  game-developer-1-15: page 50/76  (10s)
  game-developer-3-15: page 100/100  (17s)
  game-developer-3-15: 68 page(s) rendered instead of extracted
  [75/226] game-developer-3-15: 100 pages in 17s | 4925/15176 pages, 13.3 p/s, ETA 13 min
  game-developer-2-15: page 84/84  (16s)
  game-developer-2-15: 57 page(s) rendered instead of extracted
  [76/226] game-developer-2-15: 84 pages in 16s | 5009/15176 pages, 13.4 p/s, ETA 13 min
  game-developer-1-15: page 76/76  (17s)
  game-developer-1-15: 56 page(s) rendered instead of extracted
  [77/226] game-developer-1-15: 76 pages in 17s | 5085/15176 pages, 13.5 p/s, ETA 12 min
  game-developer-11-9: page 50/52  (8s)
  game-developer-11-9: page 52/52  (9s)
  game-developer-11-9: 32 page(s) rendered instead of extracted
  [78/226] game-developer-11-9: 52 pages in 9s | 5137/15176 pages, 13.6 p/s, ETA 12 min
  game-developer-10-9: page 50/60  (9s)
  game-developer-10-9: page 60/60  (11s)
  game-developer-10-9: 39 page(s) rendered instead of extracted
  [79/226] game-developer-10-9: 60 pages in 12s | 5197/15176 pages, 13.6 p/s, ETA 12 min
  game-developer-9-10: page 50/84  (12s)
  game-developer-8-10: page 50/60  (10s)
  game-developer-8-10: page 60/60  (12s)
  game-developer-8-10: 46 page(s) rendered instead of extracted
  [80/226] game-developer-8-10: 60 pages in 12s | 5257/15176 pages, 13.5 p/s, ETA 12 min
  game-developer-7-10: page 50/68  (8s)
  game-developer-9-10: page 84/84  (19s)
  game-developer-9-10: 61 page(s) rendered instead of extracted
  [81/226] game-developer-9-10: 84 pages in 19s | 5341/15176 pages, 13.6 p/s, ETA 12 min
  game-developer-7-10: page 68/68  (11s)
  game-developer-7-10: 43 page(s) rendered instead of extracted
  [82/226] game-developer-7-10: 68 pages in 11s | 5409/15176 pages, 13.7 p/s, ETA 12 min
  game-developer-200609-2006-game-career-guide: page 50/92  (16s)
  game-developer-6-11: page 50/52  (8s)
  game-developer-6-11: page 52/52  (9s)
  game-developer-6-11: 37 page(s) rendered instead of extracted
  [83/226] game-developer-6-11: 52 pages in 9s | 5461/15176 pages, 13.7 p/s, ETA 12 min
  game-developer-5-12: page 50/84  (9s)
  game-developer-4-13: page 50/109  (9s)
  game-developer-3-14: page 50/92  (9s)
  game-developer-5-12: page 84/84  (14s)
  game-developer-5-12: 54 page(s) rendered instead of extracted
  [84/226] game-developer-5-12: 84 pages in 14s | 5545/15176 pages, 13.6 p/s, ETA 12 min
  game-developer-200609-2006-game-career-guide: page 92/92  (30s)
  [85/226] game-developer-200609-2006-game-career-guide: 92 pages in 30s | 5637/15176 pages, 13.8 p/s, ETA 12 min
  game-developer-4-13: page 100/109  (17s)
  game-developer-4-13: page 109/109  (19s)
  game-developer-4-13: 75 page(s) rendered instead of extracted
  [86/226] game-developer-4-13: 109 pages in 19s | 5746/15176 pages, 13.9 p/s, ETA 11 min
  game-developer-3-14: page 92/92  (16s)
  game-developer-3-14: 63 page(s) rendered instead of extracted
  [87/226] game-developer-3-14: 92 pages in 16s | 5838/15176 pages, 14.1 p/s, ETA 11 min
  game-developer-1-14: page 50/52  (9s)
  game-developer-1-14: page 52/52  (9s)
  game-developer-1-14: 40 page(s) rendered instead of extracted
  [88/226] game-developer-1-14: 52 pages in 9s | 5890/15176 pages, 14.1 p/s, ETA 11 min
  game-developer-2-14: page 50/52  (10s)
  game-developer-2-14: page 52/52  (11s)
  game-developer-2-14: 37 page(s) rendered instead of extracted
  [89/226] game-developer-2-14: 52 pages in 11s | 5942/15176 pages, 14.2 p/s, ETA 11 min
  game-developer-200601-gdc-06-preview-guide: page 24/24  (7s)
  [90/226] game-developer-200601-gdc-06-preview-guide: 24 pages in 7s | 5966/15176 pages, 14.2 p/s, ETA 11 min
  game-developer-11-8: page 50/52  (8s)
  game-developer-11-8: page 52/52  (9s)
  game-developer-11-8: 35 page(s) rendered instead of extracted
  [91/226] game-developer-11-8: 52 pages in 9s | 6018/15176 pages, 14.2 p/s, ETA 11 min
  game-developer-10-8: page 50/52  (7s)
  game-developer-10-8: page 52/52  (8s)
  game-developer-10-8: 30 page(s) rendered instead of extracted
  [92/226] game-developer-10-8: 52 pages in 8s | 6070/15176 pages, 14.3 p/s, ETA 11 min
  game-developer-9-9: page 50/76  (9s)
  game-developer-8-9: page 50/52  (9s)
  game-developer-8-9: page 52/52  (10s)
  game-developer-8-9: 40 page(s) rendered instead of extracted
  [93/226] game-developer-8-9: 52 pages in 10s | 6122/15176 pages, 14.2 p/s, ETA 11 min
  game-developer-9-9: page 76/76  (14s)
  game-developer-9-9: 62 page(s) rendered instead of extracted
  [94/226] game-developer-9-9: 76 pages in 14s | 6198/15176 pages, 14.3 p/s, ETA 10 min
  game-developer-7-9: page 50/68  (9s)
  game-developer-7-9: page 68/68  (12s)
  game-developer-7-9: 51 page(s) rendered instead of extracted
  [95/226] game-developer-7-9: 68 pages in 12s | 6266/15176 pages, 14.3 p/s, ETA 10 min
  game-developer-200509-2005-game-career-guide: page 50/84  (16s)
  game-developer-6-10: page 50/52  (9s)
  game-developer-6-10: page 52/52  (9s)
  game-developer-6-10: 37 page(s) rendered instead of extracted
  [96/226] game-developer-6-10: 52 pages in 9s | 6318/15176 pages, 14.4 p/s, ETA 10 min
  game-developer-5-11: page 50/68  (8s)
  game-developer-5-11: page 68/68  (11s)
  game-developer-5-11: 42 page(s) rendered instead of extracted
  [97/226] game-developer-5-11: 68 pages in 11s | 6386/15176 pages, 14.4 p/s, ETA 10 min
  game-developer-4-12: page 50/60  (10s)
  game-developer-200509-2005-game-career-guide: page 84/84  (26s)
  [98/226] game-developer-200509-2005-game-career-guide: 84 pages in 26s | 6470/15176 pages, 14.4 p/s, ETA 10 min
  game-developer-3-13: page 50/104  (9s)
  game-developer-4-12: page 60/60  (12s)
  game-developer-4-12: 49 page(s) rendered instead of extracted
  [99/226] game-developer-4-12: 60 pages in 12s | 6530/15176 pages, 14.5 p/s, ETA 10 min
  game-developer-2-13: page 50/76  (8s)
  game-developer-2-13: page 76/76  (13s)
  game-developer-2-13: 54 page(s) rendered instead of extracted
  [100/226] game-developer-2-13: 76 pages in 13s | 6606/15176 pages, 14.5 p/s, ETA 10 min
  game-developer-3-13: page 100/104  (19s)
  game-developer-3-13: page 104/104  (19s)
  game-developer-3-13: 67 page(s) rendered instead of extracted
  [101/226] game-developer-3-13: 104 pages in 19s | 6710/15176 pages, 14.6 p/s, ETA 10 min
  game-developer-1-13: page 50/68  (10s)
  game-developer-200501-gdc-05-conference-guide: page 34/34  (10s)
  [102/226] game-developer-200501-gdc-05-conference-guide: 34 pages in 10s | 6744/15176 pages, 14.7 p/s, ETA 10 min
  game-developer-1-13: page 68/68  (13s)
  game-developer-1-13: 50 page(s) rendered instead of extracted
  [103/226] game-developer-1-13: 68 pages in 13s | 6812/15176 pages, 14.7 p/s, ETA 9 min
  game-developer-10-7: page 50/60  (8s)
  game-developer-9-8: page 50/68  (9s)
  game-developer-10-7: page 60/60  (9s)
  game-developer-10-7: 39 page(s) rendered instead of extracted
  [104/226] game-developer-10-7: 60 pages in 9s | 6872/15176 pages, 14.7 p/s, ETA 9 min
  game-developer-8-8: page 50/60  (9s)
  game-developer-9-8: page 68/68  (11s)
  game-developer-9-8: 46 page(s) rendered instead of extracted
  [105/226] game-developer-9-8: 68 pages in 11s | 6940/15176 pages, 14.7 p/s, ETA 9 min
  game-developer-11-7: page 50/60  (16s)
  game-developer-8-8: page 60/60  (11s)
  game-developer-8-8: 46 page(s) rendered instead of extracted
  [106/226] game-developer-8-8: 60 pages in 11s | 7000/15176 pages, 14.8 p/s, ETA 9 min
  game-developer-11-7: page 60/60  (20s)
  [107/226] game-developer-11-7: 60 pages in 20s | 7060/15176 pages, 14.8 p/s, ETA 9 min
  game-developer-7-8: page 50/68  (7s)
  game-developer-7-8: page 68/68  (9s)
  game-developer-7-8: 36 page(s) rendered instead of extracted
  [108/226] game-developer-7-8: 68 pages in 9s | 7128/15176 pages, 14.8 p/s, ETA 9 min
  game-developer-6-9: page 50/60  (9s)
  game-developer-5-10: page 50/74  (7s)
  game-developer-200409-2004-game-career-guide: page 50/68  (16s)
  game-developer-6-9: page 60/60  (11s)
  game-developer-6-9: 32 page(s) rendered instead of extracted
  [109/226] game-developer-6-9: 60 pages in 11s | 7188/15176 pages, 14.8 p/s, ETA 9 min
  game-developer-5-10: page 74/74  (11s)
  game-developer-5-10: 47 page(s) rendered instead of extracted
  [110/226] game-developer-5-10: 74 pages in 11s | 7262/15176 pages, 14.9 p/s, ETA 9 min
  game-developer-200404-ati-focus-on-developers: page 12/12  (4s)
  [111/226] game-developer-200404-ati-focus-on-developers: 12 pages in 4s | 7274/15176 pages, 14.9 p/s, ETA 9 min
  game-developer-200409-2004-game-career-guide: page 68/68  (21s)
  [112/226] game-developer-200409-2004-game-career-guide: 68 pages in 21s | 7342/15176 pages, 15.0 p/s, ETA 9 min
  game-developer-4-11: page 50/76  (17s)
  game-developer-200402-gdc-04-program-guide: page 32/32  (10s)
  [113/226] game-developer-200402-gdc-04-program-guide: 32 pages in 10s | 7374/15176 pages, 14.7 p/s, ETA 9 min
  game-developer-3-12: page 50/76  (16s)
  game-developer-2-12: page 50/60  (17s)
  game-developer-4-11: page 76/76  (25s)
  [114/226] game-developer-4-11: 76 pages in 25s | 7450/15176 pages, 14.7 p/s, ETA 9 min
  game-developer-2-12: page 60/60  (20s)
  [115/226] game-developer-2-12: 60 pages in 20s | 7510/15176 pages, 14.8 p/s, ETA 9 min
  game-developer-3-12: page 76/76  (25s)
  [116/226] game-developer-3-12: 76 pages in 25s | 7586/15176 pages, 14.8 p/s, ETA 9 min
  game-developer-1-12: page 50/60  (16s)
  game-developer-1-12: page 60/60  (19s)
  [117/226] game-developer-1-12: 60 pages in 20s | 7646/15176 pages, 14.7 p/s, ETA 9 min
  game-developer-12-6: page 50/60  (17s)
  game-developer-11-6: page 50/76  (16s)
  game-developer-12-6: page 60/60  (20s)
  [118/226] game-developer-12-6: 60 pages in 20s | 7706/15176 pages, 14.7 p/s, ETA 8 min
  game-developer-10-6: page 50/60  (16s)
  game-developer-10-6: page 60/60  (20s)
  [119/226] game-developer-10-6: 60 pages in 20s | 7766/15176 pages, 14.6 p/s, ETA 8 min
  game-developer-11-6: page 76/76  (25s)
  [120/226] game-developer-11-6: 76 pages in 25s | 7842/15176 pages, 14.7 p/s, ETA 8 min
  game-developer-9-7: page 50/60  (16s)
  game-developer-9-7: page 60/60  (20s)
  [121/226] game-developer-9-7: 60 pages in 20s | 7902/15176 pages, 14.7 p/s, ETA 8 min
  game-developer-3: page 4/4  (1s)
  [122/226] game-developer-3: 4 pages in 1s | 7906/15176 pages, 14.6 p/s, ETA 8 min
  game-developer-200309-2003-game-career-guide: page 50/68  (17s)
  game-developer-200309-2003-game-career-guide: page 68/68  (23s)
  [123/226] game-developer-200309-2003-game-career-guide: 68 pages in 23s | 7974/15176 pages, 14.5 p/s, ETA 8 min
  game-developer-8-7: page 50/60  (17s)
  game-developer-7-7: page 50/52  (17s)
  game-developer-7-7: page 52/52  (18s)
  [124/226] game-developer-7-7: 52 pages in 18s | 8026/15176 pages, 14.6 p/s, ETA 8 min
  game-developer-8-7: page 60/60  (20s)
  [125/226] game-developer-8-7: 60 pages in 20s | 8086/15176 pages, 14.6 p/s, ETA 8 min
  game-developer-2: page 4/4  (1s)
  [126/226] game-developer-2: 4 pages in 1s | 8090/15176 pages, 14.6 p/s, ETA 8 min
  game-developer-200305-igda-2002-annual-report: page 16/16  (5s)
  [127/226] game-developer-200305-igda-2002-annual-report: 16 pages in 5s | 8106/15176 pages, 14.6 p/s, ETA 8 min
  game-developer-6-8: page 50/88  (16s)
  game-developer-5-9: page 50/60  (17s)
  game-developer-5-9: page 60/60  (20s)
  [128/226] game-developer-5-9: 60 pages in 20s | 8166/15176 pages, 14.4 p/s, ETA 8 min
  game-developer-6-8: page 88/88  (29s)
  [129/226] game-developer-6-8: 88 pages in 29s | 8254/15176 pages, 14.5 p/s, ETA 8 min
  game-developer-1: page 4/4  (1s)
  [130/226] game-developer-1: 4 pages in 1s | 8258/15176 pages, 14.5 p/s, ETA 8 min
  game-developer-4-10: page 50/88  (16s)
  game-developer-3-11: page 50/76  (16s)
  game-developer-3-11: page 76/76  (25s)
  [131/226] game-developer-3-11: 76 pages in 25s | 8334/15176 pages, 14.3 p/s, ETA 8 min
  game-developer-4-10: page 88/88  (29s)
  [132/226] game-developer-4-10: 88 pages in 29s | 8422/15176 pages, 14.4 p/s, ETA 8 min
  game-developer-2-11: page 50/80  (16s)
  game-developer-1-11: page 50/68  (17s)
  game-developer-1-11: page 68/68  (23s)
  [133/226] game-developer-1-11: 68 pages in 23s | 8490/15176 pages, 14.3 p/s, ETA 8 min
  game-developer-2-11: page 80/80  (26s)
  [134/226] game-developer-2-11: 80 pages in 26s | 8570/15176 pages, 14.4 p/s, ETA 8 min
  game-developer-12-5: page 50/64  (17s)
  game-developer-11-5: page 50/60  (16s)
  game-developer-12-5: page 64/64  (21s)
  [135/226] game-developer-12-5: 64 pages in 21s | 8634/15176 pages, 14.3 p/s, ETA 8 min
  game-developer-11-5: page 60/60  (20s)
  [136/226] game-developer-11-5: 60 pages in 20s | 8694/15176 pages, 14.4 p/s, ETA 7 min
  game-developer-10-5: page 50/60  (17s)
  game-developer-9-6: page 50/60  (17s)
  game-developer-10-5: page 60/60  (20s)
  [137/226] game-developer-10-5: 60 pages in 20s | 8754/15176 pages, 14.3 p/s, ETA 7 min
  game-developer-9-6: page 60/60  (20s)
  [138/226] game-developer-9-6: 60 pages in 20s | 8814/15176 pages, 14.3 p/s, ETA 7 min
  game-developer-8-6: page 50/68  (17s)
  game-developer-7-6: page 50/60  (17s)
  game-developer-7-6: page 60/60  (21s)
  [139/226] game-developer-7-6: 60 pages in 21s | 8874/15176 pages, 14.2 p/s, ETA 7 min
  game-developer-8-6: page 68/68  (23s)
  [140/226] game-developer-8-6: 68 pages in 23s | 8942/15176 pages, 14.3 p/s, ETA 7 min
  game-developer-6-7: page 50/76  (17s)
  game-developer-200204-igda-2001-annual-report: page 16/16  (5s)
  [141/226] game-developer-200204-igda-2001-annual-report: 16 pages in 5s | 8958/15176 pages, 14.2 p/s, ETA 7 min
  game-developer-5-8: page 50/60  (17s)
  game-developer-5-8: page 60/60  (21s)
  [142/226] game-developer-5-8: 60 pages in 21s | 9018/15176 pages, 14.2 p/s, ETA 7 min
  game-developer-6-7: page 76/76  (26s)
  [143/226] game-developer-6-7: 76 pages in 26s | 9094/15176 pages, 14.2 p/s, ETA 7 min
  game-developer-4-9: page 50/76  (17s)
  game-developer-200202-game-developers-conference-2002-conference-broch: page 24/24  (7s)
  [144/226] game-developer-200202-game-developers-conference-2002-conference-broch: 24 pages in 7s | 9118/15176 pages, 14.1 p/s, ETA 7 min
  game-developer-3-10: page 50/76  (17s)
  game-developer-4-9: page 76/76  (27s)
  [145/226] game-developer-4-9: 76 pages in 27s | 9194/15176 pages, 14.1 p/s, ETA 7 min
  game-developer-2-10: page 50/60  (17s)
  game-developer-2-10: page 60/60  (20s)
  game-developer-3-10: page 76/76  (26s)
  [146/226] game-developer-2-10: 60 pages in 20s | 9254/15176 pages, 14.1 p/s, ETA 7 min
  [147/226] game-developer-3-10: 76 pages in 26s | 9330/15176 pages, 14.2 p/s, ETA 7 min
  game-developer-1-10: page 50/68  (19s)
  game-developer-12-4: page 50/60  (19s)
  game-developer-1-10: page 68/68  (26s)
  [148/226] game-developer-1-10: 68 pages in 26s | 9398/15176 pages, 14.0 p/s, ETA 7 min
  game-developer-12-4: page 60/60  (22s)
  [149/226] game-developer-12-4: 60 pages in 23s | 9458/15176 pages, 14.0 p/s, ETA 7 min
  game-developer-10-4: page 50/60  (19s)
  game-developer-11-4: page 50/60  (19s)
  game-developer-10-4: page 60/60  (22s)
  [150/226] game-developer-10-4: 60 pages in 22s | 9518/15176 pages, 14.0 p/s, ETA 7 min
  game-developer-11-4: page 60/60  (23s)
  [151/226] game-developer-11-4: 60 pages in 23s | 9578/15176 pages, 14.1 p/s, ETA 7 min
  game-developer-9-5: page 50/68  (19s)
  game-developer-8-5: page 50/76  (19s)
  game-developer-9-5: page 68/68  (25s)
  [152/226] game-developer-9-5: 68 pages in 25s | 9646/15176 pages, 13.8 p/s, ETA 7 min
  game-developer-7-5: page 50/68  (19s)
  game-developer-6-6: page 50/76  (18s)
  game-developer-8-5: page 76/76  (28s)
  [153/226] game-developer-8-5: 76 pages in 28s | 9722/15176 pages, 13.9 p/s, ETA 7 min
  game-developer-7-5: page 68/68  (26s)
  [154/226] game-developer-7-5: 68 pages in 26s | 9790/15176 pages, 13.9 p/s, ETA 6 min
  game-developer-6-6: page 76/76  (28s)
  [155/226] game-developer-6-6: 76 pages in 29s | 9866/15176 pages, 13.9 p/s, ETA 6 min
  game-developer-5-7: page 50/68  (18s)
  game-developer-4-8: page 50/92  (18s)
  game-developer-5-7: page 68/68  (25s)
  [156/226] game-developer-5-7: 68 pages in 25s | 9934/15176 pages, 13.7 p/s, ETA 6 min
  game-developer-3-9: page 50/84  (19s)
  game-developer-2-9: page 50/68  (20s)
  game-developer-200102-game-developers-conference-2001-guide: page 24/24  (8s)
  [157/226] game-developer-200102-game-developers-conference-2001-guide: 24 pages in 8s | 9958/15176 pages, 13.6 p/s, ETA 6 min
  game-developer-2-9: page 68/68  (27s)
  [158/226] game-developer-2-9: 68 pages in 27s | 10026/15176 pages, 13.7 p/s, ETA 6 min
  game-developer-3-9: page 84/84  (31s)
  [159/226] game-developer-3-9: 84 pages in 31s | 10110/15176 pages, 13.7 p/s, ETA 6 min
  game-developer-4-8: page 92/92  (34s)
  [160/226] game-developer-4-8: 92 pages in 34s | 10202/15176 pages, 13.9 p/s, ETA 6 min
  game-developer-1-9: page 50/68  (18s)
  game-developer-12-3: page 50/60  (18s)
  game-developer-11-3: page 50/68  (18s)
  game-developer-10-3: page 50/68  (18s)
  game-developer-1-9: page 68/68  (25s)
  [161/226] game-developer-1-9: 68 pages in 25s | 10270/15176 pages, 13.6 p/s, ETA 6 min
  game-developer-12-3: page 60/60  (22s)
  [162/226] game-developer-12-3: 60 pages in 22s | 10330/15176 pages, 13.7 p/s, ETA 6 min
  game-developer-11-3: page 68/68  (25s)
  [163/226] game-developer-11-3: 68 pages in 25s | 10398/15176 pages, 13.7 p/s, ETA 6 min
  game-developer-10-3: page 68/68  (25s)
  [164/226] game-developer-10-3: 68 pages in 25s | 10466/15176 pages, 13.8 p/s, ETA 6 min
  game-developer-9-4: page 50/76  (18s)
  game-developer-8-4: page 50/76  (18s)
  game-developer-7-4: page 50/60  (18s)
  game-developer-6-5: page 50/76  (18s)
  game-developer-7-4: page 60/60  (22s)
  [165/226] game-developer-7-4: 60 pages in 22s | 10526/15176 pages, 13.5 p/s, ETA 6 min
  game-developer-9-4: page 76/76  (28s)
  [166/226] game-developer-9-4: 76 pages in 28s | 10602/15176 pages, 13.5 p/s, ETA 6 min
  game-developer-8-4: page 76/76  (28s)
  [167/226] game-developer-8-4: 76 pages in 28s | 10678/15176 pages, 13.6 p/s, ETA 6 min
  game-developer-6-5: page 76/76  (28s)
  [168/226] game-developer-6-5: 76 pages in 28s | 10754/15176 pages, 13.6 p/s, ETA 5 min
  game-developer-5-6: page 50/68  (18s)
  game-developer-4-7: page 50/84  (19s)
  game-developer-3-8: page 50/76  (19s)
  game-developer-5-6: page 68/68  (25s)
  [169/226] game-developer-5-6: 68 pages in 25s | 10822/15176 pages, 13.4 p/s, ETA 5 min
  game-developer-2-8: page 50/64  (19s)
  game-developer-3-8: page 76/76  (28s)
  [170/226] game-developer-3-8: 76 pages in 28s | 10898/15176 pages, 13.4 p/s, ETA 5 min
  game-developer-2-8: page 64/64  (25s)
  [171/226] game-developer-2-8: 64 pages in 25s | 10962/15176 pages, 13.5 p/s, ETA 5 min
  game-developer-4-7: page 84/84  (31s)
  [172/226] game-developer-4-7: 84 pages in 31s | 11046/15176 pages, 13.6 p/s, ETA 5 min
  game-developer-200001-game-developers-conference-2000-conference-broch: page 20/20  (7s)
  [173/226] game-developer-200001-game-developers-conference-2000-conference-broch: 20 pages in 7s | 11066/15176 pages, 13.5 p/s, ETA 5 min
  game-developer-1-8: page 50/68  (19s)
  game-developer-199911-game-audio-technology-2000-supplement: page 28/28  (11s)
  [174/226] game-developer-199911-game-audio-technology-2000-supplement: 28 pages in 11s | 11094/15176 pages, 13.4 p/s, ETA 5 min
  game-developer-12-2: page 50/76  (19s)
  game-developer-11-2: page 50/68  (19s)
  game-developer-1-8: page 68/68  (26s)
  [175/226] game-developer-1-8: 68 pages in 26s | 11162/15176 pages, 13.4 p/s, ETA 5 min
  game-developer-11-2: page 68/68  (25s)
  [176/226] game-developer-11-2: 68 pages in 25s | 11230/15176 pages, 13.4 p/s, ETA 5 min
  game-developer-12-2: page 76/76  (29s)
  [177/226] game-developer-12-2: 76 pages in 29s | 11306/15176 pages, 13.4 p/s, ETA 5 min
  game-developer-10-2: page 50/68  (19s)
  game-developer-9-3: page 50/76  (19s)
  game-developer-10-2: page 68/68  (26s)
  [178/226] game-developer-10-2: 68 pages in 26s | 11374/15176 pages, 13.3 p/s, ETA 5 min
  game-developer-8-3: page 50/68  (19s)
  game-developer-7-3: page 50/68  (19s)
  game-developer-9-3: page 76/76  (29s)
  [179/226] game-developer-9-3: 76 pages in 29s | 11450/15176 pages, 13.3 p/s, ETA 5 min
  game-developer-8-3: page 68/68  (26s)
  [180/226] game-developer-8-3: 68 pages in 26s | 11518/15176 pages, 13.3 p/s, ETA 5 min
  game-developer-7-3: page 68/68  (25s)
  [181/226] game-developer-7-3: 68 pages in 25s | 11586/15176 pages, 13.4 p/s, ETA 4 min
  game-developer-6-4: page 50/76  (19s)
  game-developer-5-5: page 50/144  (19s)
  game-developer-4-6: page 50/76  (18s)
  game-developer-6-4: page 76/76  (28s)
  [182/226] game-developer-6-4: 76 pages in 29s | 11662/15176 pages, 13.2 p/s, ETA 4 min
  game-developer-3-7: page 50/72  (18s)
  game-developer-4-6: page 76/76  (27s)
  [183/226] game-developer-4-6: 76 pages in 27s | 11738/15176 pages, 13.1 p/s, ETA 4 min
  game-developer-3-7: page 72/72  (26s)
  [184/226] game-developer-3-7: 72 pages in 27s | 11810/15176 pages, 13.2 p/s, ETA 4 min
  game-developer-5-5: page 100/144  (38s)
  game-developer-2-7: page 50/80  (19s)
  game-developer-1-7: page 50/76  (19s)
  game-developer-13: page 50/76  (19s)
  game-developer-2-7: page 80/80  (30s)
  [185/226] game-developer-2-7: 80 pages in 30s | 11890/15176 pages, 13.0 p/s, ETA 4 min
  game-developer-5-5: page 144/144  (54s)
  [186/226] game-developer-5-5: 144 pages in 54s | 12034/15176 pages, 13.1 p/s, ETA 4 min
  game-developer-1-7: page 76/76  (29s)
  [187/226] game-developer-1-7: 76 pages in 29s | 12110/15176 pages, 13.1 p/s, ETA 4 min
  game-developer-13: page 76/76  (29s)
  [188/226] game-developer-13: 76 pages in 29s | 12186/15176 pages, 13.2 p/s, ETA 4 min
  game-developer-11: page 50/80  (18s)
  game-developer-12: page 50/84  (19s)
  game-developer-10: page 50/76  (19s)
  game-developer-9-2: page 50/72  (18s)
  game-developer-11: page 80/80  (29s)
  [189/226] game-developer-11: 80 pages in 29s | 12266/15176 pages, 13.0 p/s, ETA 4 min
  game-developer-12: page 84/84  (31s)
  [190/226] game-developer-12: 84 pages in 31s | 12350/15176 pages, 13.0 p/s, ETA 4 min
  game-developer-9-2: page 72/72  (27s)
  [191/226] game-developer-9-2: 72 pages in 27s | 12422/15176 pages, 13.1 p/s, ETA 4 min
  game-developer-10: page 76/76  (29s)
  [192/226] game-developer-10: 76 pages in 29s | 12498/15176 pages, 13.1 p/s, ETA 3 min
  game-developer-8-2: page 50/88  (18s)
  game-developer-7-2: page 50/68  (18s)
  game-developer-6-3: page 50/96  (19s)
  game-developer-5-4: page 50/88  (19s)
  game-developer-7-2: page 68/68  (25s)
  [193/226] game-developer-7-2: 68 pages in 25s | 12566/15176 pages, 12.9 p/s, ETA 3 min
  game-developer-8-2: page 88/88  (32s)
  [194/226] game-developer-8-2: 88 pages in 32s | 12654/15176 pages, 13.0 p/s, ETA 3 min
  game-developer-5-4: page 88/88  (33s)
  [195/226] game-developer-5-4: 88 pages in 33s | 12742/15176 pages, 12.9 p/s, ETA 3 min
  game-developer-6-3: page 96/96  (36s)
  [196/226] game-developer-6-3: 96 pages in 36s | 12838/15176 pages, 13.0 p/s, ETA 3 min
  game-developer-4-5: page 50/80  (18s)
  game-developer-199803-developing-games-for-the-public-pc: page 24/24  (9s)
  [197/226] game-developer-199803-developing-games-for-the-public-pc: 24 pages in 9s | 12862/15176 pages, 13.0 p/s, ETA 3 min
  game-developer-3-6: page 50/72  (20s)
  game-developer-4-5: page 80/80  (29s)
  [198/226] game-developer-4-5: 80 pages in 29s | 12942/15176 pages, 12.9 p/s, ETA 3 min
  game-developer-3-6: page 72/72  (28s)
  [199/226] game-developer-3-6: 72 pages in 28s | 13014/15176 pages, 13.0 p/s, ETA 3 min
  game-developer-2-6: page 50/72  (18s)
  game-developer-1-6: page 50/72  (18s)
  game-developer-2-6: page 72/72  (26s)
  [200/226] game-developer-2-6: 72 pages in 26s | 13086/15176 pages, 12.9 p/s, ETA 3 min
  game-developer-1-6: page 72/72  (26s)
  [201/226] game-developer-1-6: 72 pages in 26s | 13158/15176 pages, 12.9 p/s, ETA 3 min
  game-developer-6-2: page 50/72  (17s)
  game-developer-9: page 50/92  (18s)
  game-developer-6-2: page 72/72  (25s)
  [202/226] game-developer-6-2: 72 pages in 25s | 13230/15176 pages, 12.9 p/s, ETA 3 min
  game-developer-8: page 50/72  (18s)
  game-developer-9: page 92/92  (32s)
  [203/226] game-developer-9: 92 pages in 32s | 13322/15176 pages, 12.9 p/s, ETA 2 min
  game-developer-7: page 50/72  (18s)
  game-developer-8: page 72/72  (26s)
  [204/226] game-developer-8: 72 pages in 26s | 13394/15176 pages, 12.9 p/s, ETA 2 min
  game-developer-6: page 50/64  (17s)
  game-developer-7: page 72/72  (26s)
  [205/226] game-developer-7: 72 pages in 26s | 13466/15176 pages, 12.9 p/s, ETA 2 min
  game-developer-6: page 64/64  (23s)
  [206/226] game-developer-6: 64 pages in 23s | 13530/15176 pages, 12.9 p/s, ETA 2 min
  game-developer-5-3: page 50/76  (18s)
  game-developer-4-4: page 50/72  (18s)
  game-developer-3-5: page 50/72  (18s)
  game-developer-5-3: page 76/76  (27s)
  [207/226] game-developer-5-3: 76 pages in 27s | 13606/15176 pages, 12.8 p/s, ETA 2 min
  game-developer-4-4: page 72/72  (26s)
  [208/226] game-developer-4-4: 72 pages in 26s | 13678/15176 pages, 12.9 p/s, ETA 2 min
  game-developer-2-5: page 50/76  (17s)
  game-developer-3-5: page 72/72  (25s)
  [209/226] game-developer-3-5: 72 pages in 25s | 13750/15176 pages, 12.9 p/s, ETA 2 min
  game-developer-2-5: page 76/76  (26s)
  [210/226] game-developer-2-5: 76 pages in 26s | 13826/15176 pages, 12.9 p/s, ETA 2 min
  game-developer-1-5: page 50/64  (17s)
  game-developer-5-2: page 50/72  (18s)
  game-developer-1-5: page 64/64  (22s)
  [211/226] game-developer-1-5: 64 pages in 22s | 13890/15176 pages, 12.8 p/s, ETA 2 min
  game-developer-4-3: page 50/72  (18s)
  game-developer-5-2: page 72/72  (25s)
  [212/226] game-developer-5-2: 72 pages in 25s | 13962/15176 pages, 12.8 p/s, ETA 2 min
  game-developer-3-4: page 50/72  (18s)
  game-developer-4-3: page 72/72  (25s)
  [213/226] game-developer-4-3: 72 pages in 25s | 14034/15176 pages, 12.8 p/s, ETA 1 min
  game-developer-3-4: page 72/72  (25s)
  [214/226] game-developer-3-4: 72 pages in 25s | 14106/15176 pages, 12.8 p/s, ETA 1 min
  game-developer-2-4: page 50/80  (18s)
  game-developer-1-4: page 50/84  (18s)
  game-developer-6-19: page 50/72  (17s)
  game-developer-2-4: page 80/80  (28s)
  [215/226] game-developer-2-4: 80 pages in 28s | 14186/15176 pages, 12.7 p/s, ETA 1 min
  game-developer-5: page 50/72  (18s)
  game-developer-1-4: page 84/84  (30s)
  [216/226] game-developer-1-4: 84 pages in 30s | 14270/15176 pages, 12.8 p/s, ETA 1 min
  game-developer-6-19: page 72/72  (25s)
  [217/226] game-developer-6-19: 72 pages in 25s | 14342/15176 pages, 12.8 p/s, ETA 1 min
  game-developer-5: page 72/72  (25s)
  [218/226] game-developer-5: 72 pages in 26s | 14414/15176 pages, 12.8 p/s, ETA 1 min
  game-developer-4-2: page 50/72  (17s)
  game-developer-3-3: page 50/72  (17s)
  game-developer-2-3: page 50/72  (18s)
  game-developer-4-2: page 72/72  (25s)
  [219/226] game-developer-4-2: 72 pages in 25s | 14486/15176 pages, 12.7 p/s, ETA 1 min
  game-developer-1-3: page 50/72  (18s)
  game-developer-3-3: page 72/72  (25s)
  [220/226] game-developer-3-3: 72 pages in 25s | 14558/15176 pages, 12.7 p/s, ETA 1 min
  game-developer-2-3: page 72/72  (26s)
  [221/226] game-developer-2-3: 72 pages in 26s | 14630/15176 pages, 12.8 p/s, ETA 1 min
  game-developer-1-3: page 72/72  (26s)
  [222/226] game-developer-1-3: 72 pages in 26s | 14702/15176 pages, 12.8 p/s, ETA 1 min
  game-developer-4: page 50/72  (19s)
  game-developer-3-2: page 50/72  (18s)
  game-developer-2-2: page 50/72  (18s)
  game-developer-4: page 72/72  (28s)
  [223/226] game-developer-4: 72 pages in 28s | 14774/15176 pages, 12.7 p/s, ETA 1 min
  game-developer-1-2: page 50/64  (18s)
  game-developer-3-2: page 72/72  (26s)
  [224/226] game-developer-3-2: 72 pages in 26s | 14846/15176 pages, 12.7 p/s, ETA 0 min
  game-developer-2-2: page 72/72  (26s)
  [225/226] game-developer-2-2: 72 pages in 26s | 14918/15176 pages, 12.7 p/s, ETA 0 min
  game-developer-1-2: page 64/64  (22s)
  [226/226] game-developer-1-2: 64 pages in 23s | 14982/15176 pages, 12.8 p/s, ETA 0 min
2 issue(s) failed: game-developer-5-19, game-developer-201209-2012-game-career-guide
=== render game-developer rc=1 in 19.6 min ===

=== start retry electronic-gaming-retail-news ===
C:\Program Files\Python310\python.exe -u -X utf8 scripts/publish_all.py --publication electronic-gaming-retail-news --workers 1 --no-upload --no-catalog --webp-read --webp-quality 80 --read-scale 0.7 --force

=== start retry gameweek-iemagazine ===
C:\Program Files\Python310\python.exe -u -X utf8 scripts/publish_all.py --publication gameweek-iemagazine --workers 1 --no-upload --no-catalog --webp-read --webp-quality 80 --read-scale 0.7 --force

=== start retry electronic-fun-with-computers-and-games ===
C:\Program Files\Python310\python.exe -u -X utf8 scripts/publish_all.py --publication electronic-fun-with-computers-and-games --workers 1 --no-upload --no-catalog --webp-read --webp-quality 80 --read-scale 0.7 --force

=== start retry new-earth ===
C:\Program Files\Python310\python.exe -u -X utf8 scripts/publish_all.py --publication new-earth --workers 1 --no-upload --no-catalog --webp-read --webp-quality 80 --read-scale 0.7 --force

=== start retry game-developer ===
C:\Program Files\Python310\python.exe -u -X utf8 scripts/publish_all.py --publication game-developer --workers 1 --no-upload --no-catalog --webp-read --webp-quality 80 --read-scale 0.7 --force
14 issues / 737 pages to render with 1 workers
10 issues / 376 pages to render with 1 workers
8 issues / 790 pages to render with 1 workers
9 issues / 71 pages to render with 1 workers
2 issues / 194 pages to render with 1 workers
  new-earth-1-4: page 7/7  (3s)
  [1/9] new-earth-1-4: 7 pages in 3s | 7/71 pages, 2.4 p/s, ETA 0 min
  new-earth-13-3: page 7/7  (3s)
  [2/9] new-earth-13-3: 7 pages in 3s | 14/71 pages, 2.5 p/s, ETA 0 min
  electronic-gaming-retail-news-199306-1993-summer-ces: page 24/24  (10s)
  [1/10] electronic-gaming-retail-news-199306-1993-summer-ces: 24 pages in 10s | 24/376 pages, 2.4 p/s, ETA 2 min
  game-developer-5-19: page 50/70  (10s)
  FAILED game-developer-5-19: ValueError('encoding error 5: Image size exceeds WebP limit of 16383 pixels')
  new-earth-12-3: page 9/9  (11s)
  [3/9] new-earth-12-3: 9 pages in 11s | 23/71 pages, 1.4 p/s, ETA 1 min
  electronic-fun-with-computers-and-games-5-2: page 50/84  (19s)
  new-earth-11-3: page 8/8  (3s)
  [4/9] new-earth-11-3: 8 pages in 3s | 31/71 pages, 1.6 p/s, ETA 0 min
  new-earth-8-3: page 7/7  (3s)
  [5/9] new-earth-8-3: 7 pages in 3s | 38/71 pages, 1.7 p/s, ETA 0 min
  new-earth-7-3: page 8/8  (3s)
  [6/9] new-earth-7-3: 8 pages in 3s | 46/71 pages, 1.8 p/s, ETA 0 min
  electronic-gaming-retail-news-199301-1993-winter-ces: page 44/44  (18s)
  [2/10] electronic-gaming-retail-news-199301-1993-winter-ces: 44 pages in 18s | 68/376 pages, 2.4 p/s, ETA 2 min
  new-earth-4-3: page 7/7  (3s)
  [7/9] new-earth-4-3: 7 pages in 3s | 53/71 pages, 1.9 p/s, ETA 0 min
  gameweek-iemagazine-30: page 50/72  (30s)
  electronic-fun-with-computers-and-games-5-2: page 84/84  (31s)
  [1/8] electronic-fun-with-computers-and-games-5-2: 84 pages in 32s | 84/790 pages, 2.7 p/s, ETA 4 min
  new-earth-14: page 9/9  (4s)
  [8/9] new-earth-14: 9 pages in 4s | 62/71 pages, 2.0 p/s, ETA 0 min
  game-developer-201209-2012-game-career-guide: page 50/124  (18s)
  new-earth-2: page 9/9  (4s)
  [9/9] new-earth-2: 9 pages in 4s | 71/71 pages, 2.0 p/s, ETA 0 min
all done in 1 min
  gameweek-iemagazine-30: page 72/72  (42s)
  [1/14] gameweek-iemagazine-30: 72 pages in 43s | 72/737 pages, 1.7 p/s, ETA 7 min
  electronic-gaming-retail-news-3-2: page 48/48  (19s)
  [3/10] electronic-gaming-retail-news-3-2: 48 pages in 19s | 116/376 pages, 2.5 p/s, ETA 2 min
  game-developer-201209-2012-game-career-guide: page 100/124  (35s)
  electronic-fun-with-computers-and-games-4-2: page 50/84  (19s)
  game-developer-201209-2012-game-career-guide: page 124/124  (43s)
  [2/2] game-developer-201209-2012-game-career-guide: 124 pages in 43s | 124/194 pages, 2.2 p/s, ETA 1 min
1 issue(s) failed: game-developer-5-19
  electronic-gaming-retail-news-2-2: page 36/36  (13s)
  [4/10] electronic-gaming-retail-news-2-2: 36 pages in 13s | 152/376 pages, 2.5 p/s, ETA 1 min
  electronic-fun-with-computers-and-games-4-2: page 84/84  (33s)
  [2/8] electronic-fun-with-computers-and-games-4-2: 84 pages in 33s | 168/790 pages, 2.6 p/s, ETA 4 min
  gameweek-iemagazine-28: page 50/54  (28s)
  gameweek-iemagazine-28: page 54/54  (30s)
  [2/14] gameweek-iemagazine-28: 54 pages in 30s | 126/737 pages, 1.7 p/s, ETA 6 min
  electronic-gaming-retail-news-1: page 50/52  (17s)
  electronic-gaming-retail-news-1: page 52/52  (18s)
  [5/10] electronic-gaming-retail-news-1: 52 pages in 18s | 204/376 pages, 2.6 p/s, ETA 1 min
  electronic-fun-with-computers-and-games-3-2: page 50/102  (17s)
  electronic-gaming-retail-news-7: page 36/36  (13s)
  [6/10] electronic-gaming-retail-news-7: 36 pages in 13s | 240/376 pages, 2.7 p/s, ETA 1 min
  electronic-fun-with-computers-and-games-3-2: page 100/102  (35s)
  electronic-fun-with-computers-and-games-3-2: page 102/102  (36s)
  [3/8] electronic-fun-with-computers-and-games-3-2: 102 pages in 36s | 270/790 pages, 2.7 p/s, ETA 3 min
  gameweek-iemagazine-27: page 50/78  (29s)
  electronic-gaming-retail-news-6: page 36/36  (13s)
  [7/10] electronic-gaming-retail-news-6: 36 pages in 13s | 276/376 pages, 2.7 p/s, ETA 1 min
  electronic-gaming-retail-news-5: page 36/36  (12s)
  [8/10] electronic-gaming-retail-news-5: 36 pages in 12s | 312/376 pages, 2.7 p/s, ETA 0 min
  gameweek-iemagazine-27: page 78/78  (45s)
  [3/14] gameweek-iemagazine-27: 78 pages in 45s | 204/737 pages, 1.7 p/s, ETA 5 min
  electronic-fun-with-computers-and-games-2-2: page 50/108  (18s)
  electronic-gaming-retail-news-4: page 32/32  (11s)
  [9/10] electronic-gaming-retail-news-4: 32 pages in 11s | 344/376 pages, 2.7 p/s, ETA 0 min
  electronic-fun-with-computers-and-games-2-2: page 100/108  (35s)
  electronic-gaming-retail-news-3: page 32/32  (12s)
  [10/10] electronic-gaming-retail-news-3: 32 pages in 12s | 376/376 pages, 2.7 p/s, ETA 0 min
all done in 2 min
  electronic-fun-with-computers-and-games-2-2: page 108/108  (38s)
  [4/8] electronic-fun-with-computers-and-games-2-2: 108 pages in 38s | 378/790 pages, 2.7 p/s, ETA 3 min
=== retry electronic-gaming-retail-news rc=0 in 2.3 min ===
  gameweek-iemagazine-20: page 36/36  (22s)
  [4/14] gameweek-iemagazine-20: 36 pages in 22s | 240/737 pages, 1.7 p/s, ETA 5 min
  electronic-fun-with-computers-and-games-1-2: page 50/112  (18s)
  gameweek-iemagazine-18: page 32/32  (17s)
  [5/14] gameweek-iemagazine-18: 32 pages in 17s | 272/737 pages, 1.7 p/s, ETA 4 min
  electronic-fun-with-computers-and-games-1-2: page 100/112  (35s)
  electronic-fun-with-computers-and-games-1-2: page 112/112  (40s)
  [5/8] electronic-fun-with-computers-and-games-1-2: 112 pages in 40s | 490/790 pages, 2.8 p/s, ETA 2 min
  gameweek-iemagazine-16: page 50/56  (26s)
  gameweek-iemagazine-16: page 56/56  (30s)
  [6/14] gameweek-iemagazine-16: 56 pages in 30s | 328/737 pages, 1.8 p/s, ETA 4 min
  electronic-fun-with-computers-and-games-12: page 50/100  (17s)
  gameweek-iemagazine-14-2: page 50/56  (26s)
  electronic-fun-with-computers-and-games-12: page 100/100  (35s)
  [6/8] electronic-fun-with-computers-and-games-12: 100 pages in 35s | 590/790 pages, 2.8 p/s, ETA 1 min
  gameweek-iemagazine-14-2: page 56/56  (29s)
  [7/14] gameweek-iemagazine-14-2: 56 pages in 29s | 384/737 pages, 1.8 p/s, ETA 3 min
  electronic-fun-with-computers-and-games-11: page 50/100  (17s)
  gameweek-iemagazine-5: page 40/40  (22s)
  [8/14] gameweek-iemagazine-5: 40 pages in 22s | 424/737 pages, 1.8 p/s, ETA 3 min
  electronic-fun-with-computers-and-games-11: page 100/100  (35s)
  [7/8] electronic-fun-with-computers-and-games-11: 100 pages in 35s | 690/790 pages, 2.8 p/s, ETA 1 min
  gameweek-iemagazine-3: page 44/44  (24s)
  [9/14] gameweek-iemagazine-3: 44 pages in 24s | 468/737 pages, 1.8 p/s, ETA 2 min
  electronic-fun-with-computers-and-games-10: page 50/100  (18s)
  gameweek-iemagazine-2: page 40/40  (22s)
  [10/14] gameweek-iemagazine-2: 40 pages in 22s | 508/737 pages, 1.8 p/s, ETA 2 min
  electronic-fun-with-computers-and-games-10: page 100/100  (35s)
  [8/8] electronic-fun-with-computers-and-games-10: 100 pages in 35s | 790/790 pages, 2.8 p/s, ETA 0 min
all done in 5 min
  gameweek-iemagazine-41: page 40/40  (21s)
  [11/14] gameweek-iemagazine-41: 40 pages in 21s | 548/737 pages, 1.8 p/s, ETA 2 min
  gameweek-iemagazine-17: page 50/82  (27s)
  gameweek-iemagazine-17: page 82/82  (43s)
  [12/14] gameweek-iemagazine-17: 82 pages in 43s | 630/737 pages, 1.8 p/s, ETA 1 min
  gameweek-iemagazine-14: page 31/31  (16s)
  [13/14] gameweek-iemagazine-14: 31 pages in 16s | 661/737 pages, 1.8 p/s, ETA 1 min
  gameweek-iemagazine-15: page 50/76  (27s)
  gameweek-iemagazine-15: page 76/76  (41s)
  [14/14] gameweek-iemagazine-15: 76 pages in 41s | 737/737 pages, 1.8 p/s, ETA 0 min
all done in 7 min
=== retry gameweek-iemagazine rc=0 in 6.7 min ===
=== retry electronic-fun-with-computers-and-games rc=0 in 6.7 min ===
=== retry new-earth rc=0 in 6.7 min ===
=== retry game-developer rc=1 in 6.7 min ===

=== rebuild catalog ===
C:\Program Files\Python310\python.exe -u -X utf8 scripts/build_pages.py
Catalog: 5035 issues across 114 publications, 5033 readable -> E:\cat\site\src\data
=== rebuild catalog rc=0 in 0.0 min ===

=== upload electronic-gaming-retail-news ===
C:\Program Files\Python310\python.exe -u -X utf8 scripts/upload_r2.py --publication electronic-gaming-retail-news --workers 16
uploading 854 objects (250.7 MB), overwrite, no bucket list
  50/854  0.9 MB  0.5 MB/s
  100/854  21.9 MB  6.2 MB/s
  150/854  25.7 MB  5.2 MB/s
  200/854  52.5 MB  8.2 MB/s
  250/854  65.9 MB  8.5 MB/s
  300/854  75.7 MB  8.1 MB/s
  350/854  97.2 MB  9.1 MB/s
  400/854  116.5 MB  9.6 MB/s
  450/854  127.3 MB  9.4 MB/s
  500/854  138.9 MB  9.3 MB/s
  550/854  158.3 MB  9.7 MB/s
  600/854  169.4 MB  9.6 MB/s
  650/854  187.0 MB  9.8 MB/s
  700/854  203.1 MB  9.9 MB/s
  750/854  210.8 MB  9.5 MB/s
  800/854  229.6 MB  9.8 MB/s
  850/854  247.7 MB  10.0 MB/s
  854/854  250.7 MB  10.0 MB/s
done
=== upload electronic-gaming-retail-news rc=0 in 0.4 min ===

=== upload gameweek-iemagazine ===
C:\Program Files\Python310\python.exe -u -X utf8 scripts/upload_r2.py --publication gameweek-iemagazine --workers 16
uploading 1502 objects (657.9 MB), overwrite, no bucket list
  50/1502  13.6 MB  6.6 MB/s
  100/1502  27.1 MB  7.3 MB/s
  150/1502  50.6 MB  9.2 MB/s
  200/1502  72.7 MB  10.2 MB/s
  250/1502  73.5 MB  8.5 MB/s
  300/1502  118.6 MB  11.2 MB/s
  350/1502  147.9 MB  12.0 MB/s
  400/1502  158.2 MB  11.3 MB/s
  450/1502  195.9 MB  12.4 MB/s
  500/1502  196.8 MB  11.4 MB/s
  550/1502  217.0 MB  11.4 MB/s
  600/1502  260.7 MB  12.5 MB/s
  650/1502  277.2 MB  12.3 MB/s
  700/1502  300.1 MB  12.4 MB/s
  750/1502  325.0 MB  12.5 MB/s
  800/1502  336.9 MB  12.2 MB/s
  850/1502  369.3 MB  12.6 MB/s
  900/1502  370.1 MB  12.0 MB/s
  950/1502  404.3 MB  12.3 MB/s
  1000/1502  445.2 MB  12.8 MB/s
  1050/1502  447.8 MB  12.3 MB/s
  1100/1502  490.1 MB  12.8 MB/s
  1150/1502  495.0 MB  12.4 MB/s
  1200/1502  530.4 MB  12.7 MB/s
  1250/1502  531.3 MB  12.3 MB/s
  1300/1502  559.8 MB  12.4 MB/s
  1350/1502  591.8 MB  12.7 MB/s
  1400/1502  608.3 MB  12.5 MB/s
  1450/1502  624.8 MB  12.4 MB/s
  1500/1502  655.5 MB  12.6 MB/s
  1502/1502  657.9 MB  12.5 MB/s
done
=== upload gameweek-iemagazine rc=0 in 0.9 min ===

=== upload electronic-fun-with-computers-and-games ===
C:\Program Files\Python310\python.exe -u -X utf8 scripts/upload_r2.py --publication electronic-fun-with-computers-and-games --workers 16
uploading 3766 objects (1125.0 MB), overwrite, no bucket list
  50/3766  1.0 MB  0.6 MB/s
  100/3766  1.8 MB  0.7 MB/s
  150/3766  31.4 MB  7.4 MB/s
  200/3766  58.1 MB  10.4 MB/s
  250/3766  59.6 MB  8.8 MB/s
  300/3766  60.5 MB  7.5 MB/s
  350/3766  83.5 MB  8.8 MB/s
  400/3766  118.8 MB  10.8 MB/s
  450/3766  131.0 MB  10.6 MB/s
  500/3766  131.9 MB  9.7 MB/s
  550/3766  148.4 MB  10.0 MB/s
  600/3766  166.5 MB  10.3 MB/s
  650/3766  167.4 MB  9.6 MB/s
  700/3766  170.6 MB  9.1 MB/s
  750/3766  202.4 MB  10.0 MB/s
  800/3766  231.9 MB  10.7 MB/s
  850/3766  233.8 MB  10.2 MB/s
  900/3766  235.7 MB  9.7 MB/s
  950/3766  265.0 MB  10.3 MB/s
  1000/3766  292.3 MB  10.8 MB/s
  1050/3766  294.3 MB  10.4 MB/s
  1100/3766  295.1 MB  10.0 MB/s
  1150/3766  325.9 MB  10.5 MB/s
  1200/3766  356.4 MB  10.9 MB/s
  1250/3766  359.0 MB  10.6 MB/s
  1300/3766  359.9 MB  10.3 MB/s
  1350/3766  386.3 MB  10.5 MB/s
  1400/3766  415.8 MB  10.9 MB/s
  1450/3766  417.8 MB  10.6 MB/s
  1500/3766  418.7 MB  10.3 MB/s
  1550/3766  441.3 MB  10.5 MB/s
  1600/3766  473.8 MB  10.9 MB/s
  1650/3766  484.7 MB  10.8 MB/s
  1700/3766  485.5 MB  10.6 MB/s
  1750/3766  499.4 MB  10.6 MB/s
  1800/3766  518.1 MB  10.6 MB/s
  1850/3766  521.4 MB  10.4 MB/s
  1900/3766  522.3 MB  10.2 MB/s
  1950/3766  547.4 MB  10.4 MB/s
  2000/3766  574.4 MB  10.6 MB/s
  2050/3766  580.0 MB  10.5 MB/s
  2100/3766  580.9 MB  10.3 MB/s
  2150/3766  602.9 MB  10.4 MB/s
  2200/3766  634.6 MB  10.7 MB/s
  2250/3766  642.0 MB  10.6 MB/s
  2300/3766  642.8 MB  10.4 MB/s
  2350/3766  663.0 MB  10.5 MB/s
  2400/3766  690.2 MB  10.6 MB/s
  2450/3766  699.2 MB  10.6 MB/s
  2500/3766  700.0 MB  10.4 MB/s
  2550/3766  731.7 MB  10.6 MB/s
  2600/3766  754.3 MB  10.7 MB/s
  2650/3766  755.2 MB  10.5 MB/s
  2700/3766  763.7 MB  10.5 MB/s
  2750/3766  794.6 MB  10.7 MB/s
  2800/3766  816.6 MB  10.8 MB/s
  2850/3766  817.5 MB  10.6 MB/s
  2900/3766  834.0 MB  10.6 MB/s
  2950/3766  865.6 MB  10.8 MB/s
  3000/3766  870.4 MB  10.7 MB/s
  3050/3766  871.3 MB  10.6 MB/s
  3100/3766  894.6 MB  10.7 MB/s
  3150/3766  923.9 MB  10.8 MB/s
  3200/3766  930.1 MB  10.7 MB/s
  3250/3766  931.0 MB  10.6 MB/s
  3300/3766  955.2 MB  10.7 MB/s
  3350/3766  986.8 MB  10.9 MB/s
  3400/3766  994.5 MB  10.8 MB/s
  3450/3766  995.4 MB  10.7 MB/s
  3500/3766  1018.6 MB  10.7 MB/s
  3550/3766  1050.7 MB  10.9 MB/s
